============================= test session starts =============================
platform win32 -- Python 3.14.0, pytest-9.0.3, pluggy-1.6.0 -- C:\ai-trading-system\venv\Scripts\python.exe
rootdir: C:\ai-trading-system
configfile: pytest.ini (WARNING: ignoring pytest config in pyproject.toml!)
plugins: anyio-4.12.1, dash-4.0.0, asyncio-1.3.0, cov-7.1.0
asyncio: mode=Mode.AUTO, debug=False, asyncio_default_fixture_loop_scope=function, asyncio_default_test_loop_scope=function
collecting ... collected 6 items

tests/test_core.py::test_core_imports PASSED
tests/test_core.py::test_paper_broker 
==================================================
Testing Paper Broker...
==================================================
[OK] Initial balance: $100,000.00
[OK] BTC price: $45,032.50
[OK] Paper broker test passed
PASSED
tests/test_core.py::test_portfolio_manager 
==================================================
Testing Portfolio Manager...
==================================================
FAILED
tests/test_core.py::test_risk_engine 
==================================================
Testing Risk Engine...
==================================================
FAILED
tests/test_core.py::test_order_manager 
==================================================
Testing Order Manager...
==================================================
[OK] Order result: success=True, order_id=ORD_207fe7a917cc
[OK] Filled: 0.1 @ $45021.21
[OK] Commission: $4.50
[OK] Order manager test passed
PASSED
tests/test_core.py::test_trading_engine 
==================================================
Testing Trading Engine...
==================================================
FAILED

================================== FAILURES ===================================
___________________________ test_portfolio_manager ____________________________
tests\test_core.py:53: in test_portfolio_manager
    pm = PortfolioManager(initial_balance=100000)
         ^^^^^^^^^^^^^^^^
E   NameError: name 'PortfolioManager' is not defined
______________________________ test_risk_engine _______________________________
tests\test_core.py:86: in test_risk_engine
    risk = RiskEngine(initial_balance=100000, limits=limits)
           ^^^^^^^^^^
E   NameError: name 'RiskEngine' is not defined
_____________________________ test_trading_engine _____________________________
tests\test_core.py:170: in test_trading_engine
    engine = TradingEngine(config)
             ^^^^^^^^^^^^^
E   NameError: name 'TradingEngine' is not defined
=========================== short test summary info ===========================
FAILED tests/test_core.py::test_portfolio_manager - NameError: name 'Portfoli...
FAILED tests/test_core.py::test_risk_engine - NameError: name 'RiskEngine' is...
FAILED tests/test_core.py::test_trading_engine - NameError: name 'TradingEngi...
========================= 3 failed, 3 passed in 9.47s =========================
